2026-08-17 12:30:06,119 INFO o.a.j.u.JMeterUtils: Setting Locale to en_EN
2026-08-17 12:30:06,136 INFO o.a.j.JMeter: Loading user properties from: /home/soumya-singh/Downloads/apache-jmeter-5.6.3/bin/user.properties
2026-08-17 12:30:06,136 INFO o.a.j.JMeter: Loading system properties from: /home/soumya-singh/Downloads/apache-jmeter-5.6.3/bin/system.properties
2026-08-17 12:30:06,141 INFO o.a.j.JMeter: Copyright (c) 1998-2024 The Apache Software Foundation
2026-08-17 12:30:06,141 INFO o.a.j.JMeter: Version 5.6.3
2026-08-17 12:30:06,141 INFO o.a.j.JMeter: java.version=21.0.11
2026-08-17 12:30:06,141 INFO o.a.j.JMeter: java.vm.name=OpenJDK 64-Bit Server VM
2026-08-17 12:30:06,141 INFO o.a.j.JMeter: os.name=Linux
2026-08-17 12:30:06,141 INFO o.a.j.JMeter: os.arch=amd64
2026-08-17 12:30:06,141 INFO o.a.j.JMeter: os.version=7.0.0-28-generic
2026-08-17 12:30:06,142 INFO o.a.j.JMeter: file.encoding=UTF-8
2026-08-17 12:30:06,142 INFO o.a.j.JMeter: java.awt.headless=null
2026-08-17 12:30:06,142 INFO o.a.j.JMeter: Max memory     =1073741824
2026-08-17 12:30:06,142 INFO o.a.j.JMeter: Available Processors =8
2026-08-17 12:30:06,151 INFO o.a.j.JMeter: Default Locale=English (EN)
2026-08-17 12:30:06,151 INFO o.a.j.JMeter: JMeter  Locale=English (EN)
2026-08-17 12:30:06,151 INFO o.a.j.JMeter: JMeterHome=/home/soumya-singh/Downloads/apache-jmeter-5.6.3
2026-08-17 12:30:06,151 INFO o.a.j.JMeter: user.dir  =/home/soumya-singh/Desktop/load-balancer-demo
2026-08-17 12:30:06,151 INFO o.a.j.JMeter: PWD       =/home/soumya-singh/Desktop/load-balancer-demo
2026-08-17 12:30:06,203 INFO o.a.j.JMeter: IP: 192.168.10.145 Name: soumya-singh FullName: soumya-singh.localdomain
2026-08-17 12:30:06,217 INFO o.a.j.JMeter: Loaded icon properties from org/apache/jmeter/images/icon.properties
2026-08-17 12:30:06,459 INFO o.a.j.JMeterGuiLauncher: Setting LAF to: com.github.weisj.darklaf.DarkLaf:com.github.weisj.darklaf.theme.DarculaTheme
2026-08-17 12:30:33,520 INFO o.a.j.p.h.s.HTTPSamplerBase: Parser for text/html is org.apache.jmeter.protocol.http.parser.LagartoBasedHtmlParser
2026-08-17 12:30:33,521 INFO o.a.j.p.h.s.HTTPSamplerBase: Parser for application/xhtml+xml is org.apache.jmeter.protocol.http.parser.LagartoBasedHtmlParser
2026-08-17 12:30:33,521 INFO o.a.j.p.h.s.HTTPSamplerBase: Parser for application/xml is org.apache.jmeter.protocol.http.parser.LagartoBasedHtmlParser
2026-08-17 12:30:33,521 INFO o.a.j.p.h.s.HTTPSamplerBase: Parser for text/xml is org.apache.jmeter.protocol.http.parser.LagartoBasedHtmlParser
2026-08-17 12:30:33,522 INFO o.a.j.p.h.s.HTTPSamplerBase: Parser for text/vnd.wap.wml is org.apache.jmeter.protocol.http.parser.RegexpHTMLParser
2026-08-17 12:30:33,522 INFO o.a.j.p.h.s.HTTPSamplerBase: Parser for text/css is org.apache.jmeter.protocol.http.parser.CssParser
2026-08-17 12:31:20,777 INFO o.a.j.s.SampleResult: Note: Sample TimeStamps are START times
2026-08-17 12:31:20,777 INFO o.a.j.s.SampleResult: sampleresult.default.encoding is set to UTF-8
2026-08-17 12:31:20,778 INFO o.a.j.s.SampleResult: sampleresult.useNanoTime=true
2026-08-17 12:31:20,778 INFO o.a.j.s.SampleResult: sampleresult.nanoThreadSleep=5000
2026-08-17 12:31:36,839 INFO o.a.j.s.FileServer: Default base='/home/soumya-singh/Desktop/load-balancer-demo'
2026-08-17 12:31:36,842 INFO o.a.j.s.FileServer: Set new base='/home/soumya-singh/Desktop/load-balancer-demo'
2026-08-17 12:31:37,044 INFO o.a.j.s.SaveService: Testplan (JMX) version: 2.2. Testlog (JTL) version: 2.2
2026-08-17 12:31:37,050 INFO o.a.j.s.SaveService: Using SaveService properties version 5.0
2026-08-17 12:31:37,052 INFO o.a.j.s.SaveService: Using SaveService properties file encoding UTF-8
2026-08-17 12:31:37,077 INFO o.a.j.e.StandardJMeterEngine: Running the test!
2026-08-17 12:31:37,078 INFO o.a.j.s.SampleEvent: List of sample_variables: []
2026-08-17 12:31:37,078 INFO o.a.j.s.SampleEvent: List of sample_variables: []
2026-08-17 12:31:37,080 INFO o.a.j.e.u.CompoundVariable: Note: Function class names must contain the string: '.functions.'
2026-08-17 12:31:37,080 INFO o.a.j.e.u.CompoundVariable: Note: Function class names must not contain the string: '.gui.'
2026-08-17 12:31:37,122 INFO o.a.j.g.u.JMeterMenuBar: setRunning(true, *local*)
2026-08-17 12:31:37,161 INFO o.a.j.e.StandardJMeterEngine: Starting ThreadGroup: 1 : Thread Group
2026-08-17 12:31:37,162 INFO o.a.j.e.StandardJMeterEngine: Starting 50 threads for group Thread Group.
2026-08-17 12:31:37,162 INFO o.a.j.e.StandardJMeterEngine: Thread will continue on error
2026-08-17 12:31:37,162 INFO o.a.j.t.ThreadGroup: Starting thread group... number=1 threads=50 ramp-up=5 delayedStart=false
2026-08-17 12:31:37,165 INFO o.a.j.t.JMeterThread: Thread started: Thread Group 1-1
2026-08-17 12:31:37,182 INFO o.a.j.p.h.s.HTTPHCAbstractImpl: Local host = soumya-singh
2026-08-17 12:31:37,186 INFO o.a.j.t.ThreadGroup: Started thread group number 1
2026-08-17 12:31:37,187 INFO o.a.j.e.StandardJMeterEngine: All thread groups have been started
2026-08-17 12:31:37,191 INFO o.a.j.p.h.s.HTTPHC4Impl: HTTP request retry count = 0
2026-08-17 12:31:37,263 INFO o.a.j.t.JMeterThread: Thread started: Thread Group 1-2
2026-08-17 12:31:37,363 INFO o.a.j.t.JMeterThread: Thread started: Thread Group 1-3
2026-08-17 12:31:37,463 INFO o.a.j.t.JMeterThread: Thread started: Thread Group 1-4
2026-08-17 12:31:37,563 INFO o.a.j.t.JMeterThread: Thread started: Thread Group 1-5
2026-08-17 12:31:37,663 INFO o.a.j.t.JMeterThread: Thread started: Thread Group 1-6
2026-08-17 12:31:37,762 INFO o.a.j.t.JMeterThread: Thread started: Thread Group 1-7
2026-08-17 12:31:37,863 INFO o.a.j.t.JMeterThread: Thread started: Thread Group 1-8
2026-08-17 12:31:37,963 INFO o.a.j.t.JMeterThread: Thread started: Thread Group 1-9
2026-08-17 12:31:38,063 INFO o.a.j.t.JMeterThread: Thread started: Thread Group 1-10
2026-08-17 12:31:38,163 INFO o.a.j.t.JMeterThread: Thread started: Thread Group 1-11
2026-08-17 12:31:38,264 INFO o.a.j.t.JMeterThread: Thread started: Thread Group 1-12
2026-08-17 12:31:38,364 INFO o.a.j.t.JMeterThread: Thread started: Thread Group 1-13
2026-08-17 12:31:38,463 INFO o.a.j.t.JMeterThread: Thread started: Thread Group 1-14
2026-08-17 12:31:38,563 INFO o.a.j.t.JMeterThread: Thread started: Thread Group 1-15
2026-08-17 12:31:38,662 INFO o.a.j.t.JMeterThread: Thread started: Thread Group 1-16
2026-08-17 12:31:38,763 INFO o.a.j.t.JMeterThread: Thread started: Thread Group 1-17
2026-08-17 12:31:38,862 INFO o.a.j.t.JMeterThread: Thread started: Thread Group 1-18
2026-08-17 12:31:38,963 INFO o.a.j.t.JMeterThread: Thread started: Thread Group 1-19
2026-08-17 12:31:39,063 INFO o.a.j.t.JMeterThread: Thread started: Thread Group 1-20
2026-08-17 12:31:39,164 INFO o.a.j.t.JMeterThread: Thread started: Thread Group 1-21
2026-08-17 12:31:39,262 INFO o.a.j.t.JMeterThread: Thread started: Thread Group 1-22
2026-08-17 12:31:39,364 INFO o.a.j.t.JMeterThread: Thread started: Thread Group 1-23
2026-08-17 12:31:39,464 INFO o.a.j.t.JMeterThread: Thread started: Thread Group 1-24
2026-08-17 12:31:39,562 INFO o.a.j.t.JMeterThread: Thread started: Thread Group 1-25
2026-08-17 12:31:39,663 INFO o.a.j.t.JMeterThread: Thread started: Thread Group 1-26
2026-08-17 12:31:39,763 INFO o.a.j.t.JMeterThread: Thread started: Thread Group 1-27
2026-08-17 12:31:39,862 INFO o.a.j.t.JMeterThread: Thread started: Thread Group 1-28
2026-08-17 12:31:39,963 INFO o.a.j.t.JMeterThread: Thread started: Thread Group 1-29
2026-08-17 12:31:40,064 INFO o.a.j.t.JMeterThread: Thread started: Thread Group 1-30
2026-08-17 12:31:40,162 INFO o.a.j.t.JMeterThread: Thread started: Thread Group 1-31
2026-08-17 12:31:40,264 INFO o.a.j.t.JMeterThread: Thread started: Thread Group 1-32
2026-08-17 12:31:40,363 INFO o.a.j.t.JMeterThread: Thread started: Thread Group 1-33
2026-08-17 12:31:40,462 INFO o.a.j.t.JMeterThread: Thread started: Thread Group 1-34
2026-08-17 12:31:40,564 INFO o.a.j.t.JMeterThread: Thread started: Thread Group 1-35
2026-08-17 12:31:40,662 INFO o.a.j.t.JMeterThread: Thread started: Thread Group 1-36
2026-08-17 12:31:40,763 INFO o.a.j.t.JMeterThread: Thread started: Thread Group 1-37
2026-08-17 12:31:40,866 INFO o.a.j.t.JMeterThread: Thread started: Thread Group 1-38
2026-08-17 12:31:40,962 INFO o.a.j.t.JMeterThread: Thread started: Thread Group 1-39
2026-08-17 12:31:41,063 INFO o.a.j.t.JMeterThread: Thread started: Thread Group 1-40
2026-08-17 12:31:41,162 INFO o.a.j.t.JMeterThread: Thread started: Thread Group 1-41
2026-08-17 12:31:41,263 INFO o.a.j.t.JMeterThread: Thread started: Thread Group 1-42
2026-08-17 12:31:41,363 INFO o.a.j.t.JMeterThread: Thread started: Thread Group 1-43
2026-08-17 12:31:41,462 INFO o.a.j.t.JMeterThread: Thread started: Thread Group 1-44
2026-08-17 12:31:41,564 INFO o.a.j.t.JMeterThread: Thread started: Thread Group 1-45
2026-08-17 12:31:41,663 INFO o.a.j.t.JMeterThread: Thread started: Thread Group 1-46
2026-08-17 12:31:41,762 INFO o.a.j.t.JMeterThread: Thread started: Thread Group 1-47
2026-08-17 12:31:41,863 INFO o.a.j.t.JMeterThread: Thread started: Thread Group 1-48
2026-08-17 12:31:41,963 INFO o.a.j.t.JMeterThread: Thread started: Thread Group 1-49
2026-08-17 12:31:42,062 INFO o.a.j.t.JMeterThread: Thread started: Thread Group 1-50
2026-08-17 12:31:47,312 INFO o.a.j.t.JMeterThread: Thread is done: Thread Group 1-2
2026-08-17 12:31:47,312 INFO o.a.j.t.JMeterThread: Thread finished: Thread Group 1-2
2026-08-17 12:31:47,314 INFO o.a.j.t.JMeterThread: Thread is done: Thread Group 1-1
2026-08-17 12:31:47,314 INFO o.a.j.t.JMeterThread: Thread finished: Thread Group 1-1
2026-08-17 12:31:47,369 INFO o.a.j.t.JMeterThread: Thread is done: Thread Group 1-3
2026-08-17 12:31:47,369 INFO o.a.j.t.JMeterThread: Thread finished: Thread Group 1-3
2026-08-17 12:31:47,477 INFO o.a.j.t.JMeterThread: Thread is done: Thread Group 1-4
2026-08-17 12:31:47,477 INFO o.a.j.t.JMeterThread: Thread finished: Thread Group 1-4
2026-08-17 12:31:47,577 INFO o.a.j.t.JMeterThread: Thread is done: Thread Group 1-5
2026-08-17 12:31:47,577 INFO o.a.j.t.JMeterThread: Thread finished: Thread Group 1-5
2026-08-17 12:31:47,681 INFO o.a.j.t.JMeterThread: Thread is done: Thread Group 1-6
2026-08-17 12:31:47,681 INFO o.a.j.t.JMeterThread: Thread finished: Thread Group 1-6
2026-08-17 12:31:47,769 INFO o.a.j.t.JMeterThread: Thread is done: Thread Group 1-7
2026-08-17 12:31:47,770 INFO o.a.j.t.JMeterThread: Thread finished: Thread Group 1-7
2026-08-17 12:31:47,873 INFO o.a.j.t.JMeterThread: Thread is done: Thread Group 1-8
2026-08-17 12:31:47,873 INFO o.a.j.t.JMeterThread: Thread finished: Thread Group 1-8
2026-08-17 12:31:47,980 INFO o.a.j.t.JMeterThread: Thread is done: Thread Group 1-9
2026-08-17 12:31:47,981 INFO o.a.j.t.JMeterThread: Thread finished: Thread Group 1-9
2026-08-17 12:31:48,080 INFO o.a.j.t.JMeterThread: Thread is done: Thread Group 1-10
2026-08-17 12:31:48,081 INFO o.a.j.t.JMeterThread: Thread finished: Thread Group 1-10
2026-08-17 12:31:48,180 INFO o.a.j.t.JMeterThread: Thread is done: Thread Group 1-11
2026-08-17 12:31:48,180 INFO o.a.j.t.JMeterThread: Thread finished: Thread Group 1-11
2026-08-17 12:31:48,287 INFO o.a.j.t.JMeterThread: Thread is done: Thread Group 1-12
2026-08-17 12:31:48,288 INFO o.a.j.t.JMeterThread: Thread finished: Thread Group 1-12
2026-08-17 12:31:48,385 INFO o.a.j.t.JMeterThread: Thread is done: Thread Group 1-13
2026-08-17 12:31:48,385 INFO o.a.j.t.JMeterThread: Thread finished: Thread Group 1-13
2026-08-17 12:31:48,473 INFO o.a.j.t.JMeterThread: Thread is done: Thread Group 1-14
2026-08-17 12:31:48,474 INFO o.a.j.t.JMeterThread: Thread finished: Thread Group 1-14
2026-08-17 12:31:48,569 INFO o.a.j.t.JMeterThread: Thread is done: Thread Group 1-15
2026-08-17 12:31:48,569 INFO o.a.j.t.JMeterThread: Thread finished: Thread Group 1-15
2026-08-17 12:31:48,672 INFO o.a.j.t.JMeterThread: Thread is done: Thread Group 1-16
2026-08-17 12:31:48,672 INFO o.a.j.t.JMeterThread: Thread finished: Thread Group 1-16
2026-08-17 12:31:48,773 INFO o.a.j.t.JMeterThread: Thread is done: Thread Group 1-17
2026-08-17 12:31:48,774 INFO o.a.j.t.JMeterThread: Thread finished: Thread Group 1-17
2026-08-17 12:31:48,869 INFO o.a.j.t.JMeterThread: Thread is done: Thread Group 1-18
2026-08-17 12:31:48,869 INFO o.a.j.t.JMeterThread: Thread finished: Thread Group 1-18
2026-08-17 12:31:48,982 INFO o.a.j.t.JMeterThread: Thread is done: Thread Group 1-19
2026-08-17 12:31:48,982 INFO o.a.j.t.JMeterThread: Thread finished: Thread Group 1-19
2026-08-17 12:31:49,077 INFO o.a.j.t.JMeterThread: Thread is done: Thread Group 1-20
2026-08-17 12:31:49,077 INFO o.a.j.t.JMeterThread: Thread finished: Thread Group 1-20
2026-08-17 12:31:49,188 INFO o.a.j.t.JMeterThread: Thread is done: Thread Group 1-21
2026-08-17 12:31:49,188 INFO o.a.j.t.JMeterThread: Thread finished: Thread Group 1-21
2026-08-17 12:31:49,275 INFO o.a.j.t.JMeterThread: Thread is done: Thread Group 1-22
2026-08-17 12:31:49,275 INFO o.a.j.t.JMeterThread: Thread finished: Thread Group 1-22
2026-08-17 12:31:49,375 INFO o.a.j.t.JMeterThread: Thread is done: Thread Group 1-23
2026-08-17 12:31:49,376 INFO o.a.j.t.JMeterThread: Thread finished: Thread Group 1-23
2026-08-17 12:31:49,482 INFO o.a.j.t.JMeterThread: Thread is done: Thread Group 1-24
2026-08-17 12:31:49,483 INFO o.a.j.t.JMeterThread: Thread finished: Thread Group 1-24
2026-08-17 12:31:49,582 INFO o.a.j.t.JMeterThread: Thread is done: Thread Group 1-25
2026-08-17 12:31:49,583 INFO o.a.j.t.JMeterThread: Thread finished: Thread Group 1-25
2026-08-17 12:31:49,673 INFO o.a.j.t.JMeterThread: Thread is done: Thread Group 1-26
2026-08-17 12:31:49,673 INFO o.a.j.t.JMeterThread: Thread finished: Thread Group 1-26
2026-08-17 12:31:49,773 INFO o.a.j.t.JMeterThread: Thread is done: Thread Group 1-27
2026-08-17 12:31:49,774 INFO o.a.j.t.JMeterThread: Thread finished: Thread Group 1-27
2026-08-17 12:31:49,868 INFO o.a.j.t.JMeterThread: Thread is done: Thread Group 1-28
2026-08-17 12:31:49,868 INFO o.a.j.t.JMeterThread: Thread finished: Thread Group 1-28
2026-08-17 12:31:49,978 INFO o.a.j.t.JMeterThread: Thread is done: Thread Group 1-29
2026-08-17 12:31:49,978 INFO o.a.j.t.JMeterThread: Thread finished: Thread Group 1-29
2026-08-17 12:31:50,078 INFO o.a.j.t.JMeterThread: Thread is done: Thread Group 1-30
2026-08-17 12:31:50,078 INFO o.a.j.t.JMeterThread: Thread finished: Thread Group 1-30
2026-08-17 12:31:50,177 INFO o.a.j.t.JMeterThread: Thread is done: Thread Group 1-31
2026-08-17 12:31:50,177 INFO o.a.j.t.JMeterThread: Thread finished: Thread Group 1-31
2026-08-17 12:31:50,278 INFO o.a.j.t.JMeterThread: Thread is done: Thread Group 1-32
2026-08-17 12:31:50,278 INFO o.a.j.t.JMeterThread: Thread finished: Thread Group 1-32
2026-08-17 12:31:50,379 INFO o.a.j.t.JMeterThread: Thread is done: Thread Group 1-33
2026-08-17 12:31:50,379 INFO o.a.j.t.JMeterThread: Thread finished: Thread Group 1-33
2026-08-17 12:31:50,470 INFO o.a.j.t.JMeterThread: Thread is done: Thread Group 1-34
2026-08-17 12:31:50,470 INFO o.a.j.t.JMeterThread: Thread finished: Thread Group 1-34
2026-08-17 12:31:50,581 INFO o.a.j.t.JMeterThread: Thread is done: Thread Group 1-35
2026-08-17 12:31:50,582 INFO o.a.j.t.JMeterThread: Thread finished: Thread Group 1-35
2026-08-17 12:31:50,682 INFO o.a.j.t.JMeterThread: Thread is done: Thread Group 1-36
2026-08-17 12:31:50,682 INFO o.a.j.t.JMeterThread: Thread finished: Thread Group 1-36
2026-08-17 12:31:50,781 INFO o.a.j.t.JMeterThread: Thread is done: Thread Group 1-37
2026-08-17 12:31:50,782 INFO o.a.j.t.JMeterThread: Thread finished: Thread Group 1-37
2026-08-17 12:31:50,884 INFO o.a.j.t.JMeterThread: Thread is done: Thread Group 1-38
2026-08-17 12:31:50,885 INFO o.a.j.t.JMeterThread: Thread finished: Thread Group 1-38
2026-08-17 12:31:50,979 INFO o.a.j.t.JMeterThread: Thread is done: Thread Group 1-39
2026-08-17 12:31:50,980 INFO o.a.j.t.JMeterThread: Thread finished: Thread Group 1-39
2026-08-17 12:31:51,082 INFO o.a.j.t.JMeterThread: Thread is done: Thread Group 1-40
2026-08-17 12:31:51,083 INFO o.a.j.t.JMeterThread: Thread finished: Thread Group 1-40
2026-08-17 12:31:51,180 INFO o.a.j.t.JMeterThread: Thread is done: Thread Group 1-41
2026-08-17 12:31:51,180 INFO o.a.j.t.JMeterThread: Thread finished: Thread Group 1-41
2026-08-17 12:31:51,278 INFO o.a.j.t.JMeterThread: Thread is done: Thread Group 1-42
2026-08-17 12:31:51,280 INFO o.a.j.t.JMeterThread: Thread finished: Thread Group 1-42
2026-08-17 12:31:51,373 INFO o.a.j.t.JMeterThread: Thread is done: Thread Group 1-43
2026-08-17 12:31:51,374 INFO o.a.j.t.JMeterThread: Thread finished: Thread Group 1-43
2026-08-17 12:31:51,468 INFO o.a.j.t.JMeterThread: Thread is done: Thread Group 1-44
2026-08-17 12:31:51,468 INFO o.a.j.t.JMeterThread: Thread finished: Thread Group 1-44
2026-08-17 12:31:51,582 INFO o.a.j.t.JMeterThread: Thread is done: Thread Group 1-45
2026-08-17 12:31:51,583 INFO o.a.j.t.JMeterThread: Thread finished: Thread Group 1-45
2026-08-17 12:31:51,675 INFO o.a.j.t.JMeterThread: Thread is done: Thread Group 1-46
2026-08-17 12:31:51,676 INFO o.a.j.t.JMeterThread: Thread finished: Thread Group 1-46
2026-08-17 12:31:51,779 INFO o.a.j.t.JMeterThread: Thread is done: Thread Group 1-47
2026-08-17 12:31:51,779 INFO o.a.j.t.JMeterThread: Thread finished: Thread Group 1-47
2026-08-17 12:31:51,873 INFO o.a.j.t.JMeterThread: Thread is done: Thread Group 1-48
2026-08-17 12:31:51,874 INFO o.a.j.t.JMeterThread: Thread finished: Thread Group 1-48
2026-08-17 12:31:51,972 INFO o.a.j.t.JMeterThread: Thread is done: Thread Group 1-49
2026-08-17 12:31:51,973 INFO o.a.j.t.JMeterThread: Thread finished: Thread Group 1-49
2026-08-17 12:31:52,072 INFO o.a.j.t.JMeterThread: Thread is done: Thread Group 1-50
2026-08-17 12:31:52,073 INFO o.a.j.t.JMeterThread: Thread finished: Thread Group 1-50
2026-08-17 12:31:52,074 INFO o.a.j.e.StandardJMeterEngine: Notifying test listeners of end of test
2026-08-17 12:31:52,075 INFO o.a.j.g.u.JMeterMenuBar: setRunning(false, *local*)
